1:#  This file just has comment lines in it.
2:		# Comment line with leading whitespace.
3:#################
